../Core/Src/main.c:77:6:HAL_UART_TxCpltCallback	16	static
../Core/Src/main.c:82:6:inputCommand	16	static
../Core/Src/main.c:120:5:main	40	static
../Core/Src/main.c:268:6:SystemClock_Config	96	static
../Core/Src/main.c:319:13:MX_LPUART1_UART_Init	8	static
../Core/Src/main.c:367:13:MX_USART3_UART_Init	8	static
../Core/Src/main.c:415:13:MX_USB_OTG_FS_PCD_Init	8	static
../Core/Src/main.c:448:13:MX_DMA_Init	16	static
../Core/Src/main.c:470:13:MX_GPIO_Init	56	static
../Core/Src/main.c:539:6:Error_Handler	4	static,ignoring_inline_asm
