17:00:38 **** Incremental Build of configuration Debug for project cv2 ****
make -j12 all 
arm-none-eabi-gcc "../Core/Src/main.c" -mcpu=cortex-m4 -std=gnu11 -g3 -DDEBUG -DUSE_HAL_DRIVER -DSTM32L4R5xx -c -I../Core/Inc -I../Drivers/STM32L4xx_HAL_Driver/Inc -I../Drivers/STM32L4xx_HAL_Driver/Inc/Legacy -I../Drivers/CMSIS/Device/ST/STM32L4xx/Include -I../Drivers/CMSIS/Include -O0 -ffunction-sections -fdata-sections -Wall -fstack-usage -fcyclomatic-complexity -MMD -MP -MF"Core/Src/main.d" -MT"Core/Src/main.o" --specs=nano.specs -mfpu=fpv4-sp-d16 -mfloat-abi=hard -mthumb -o "Core/Src/main.o"
arm-none-eabi-gcc -o "cv2.elf" @"objects.list"   -mcpu=cortex-m4 -T"C:\Users\mates\Desktop\TUL\VST\cviceni\cv2\STM32L4R5ZITX_FLASH.ld" --specs=nosys.specs -Wl,-Map="cv2.map" -Wl,--gc-sections -static --specs=nano.specs -mfpu=fpv4-sp-d16 -mfloat-abi=hard -mthumb -Wl,--start-group -lc -lm -Wl,--end-group
Finished building target: cv2.elf
 
arm-none-eabi-size  cv2.elf 
arm-none-eabi-objdump -h -S cv2.elf  > "cv2.list"
   text	   data	    bss	    dec	    hex	filename
  26152	     92	   3732	  29976	   7518	cv2.elf
Finished building: default.size.stdout
 
Finished building: cv2.list
 

17:00:40 Build Finished. 0 errors, 0 warnings. (took 2s.196ms)

