17:33:22 **** Incremental Build of configuration Debug for project cv2 ****
make -j12 all 
arm-none-eabi-gcc "../Core/Src/main.c" -mcpu=cortex-m4 -std=gnu11 -g3 -DDEBUG -DUSE_HAL_DRIVER -DSTM32L4R5xx -c -I../Core/Inc -I../Drivers/STM32L4xx_HAL_Driver/Inc -I../Drivers/STM32L4xx_HAL_Driver/Inc/Legacy -I../Drivers/CMSIS/Device/ST/STM32L4xx/Include -I../Drivers/CMSIS/Include -O0 -ffunction-sections -fdata-sections -Wall -fstack-usage -fcyclomatic-complexity -MMD -MP -MF"Core/Src/main.d" -MT"Core/Src/main.o" --specs=nano.specs -mfpu=fpv4-sp-d16 -mfloat-abi=hard -mthumb -o "Core/Src/main.o"
../Core/Src/main.c: In function 'main':
../Core/Src/main.c:140:11: warning: implicit declaration of function 'sprintf' [-Wimplicit-function-declaration]
  140 |           sprintf(str, "Run %08lu\r\n", cntr++);
      |           ^~~~~~~
../Core/Src/main.c:26:1: note: include '<stdio.h>' or provide a declaration of 'sprintf'
   25 | #include "string.h"
  +++ |+#include <stdio.h>
   26 | /* USER CODE END Includes */
../Core/Src/main.c:140:11: warning: incompatible implicit declaration of built-in function 'sprintf' [-Wbuiltin-declaration-mismatch]
  140 |           sprintf(str, "Run %08lu\r\n", cntr++);
      |           ^~~~~~~
../Core/Src/main.c:140:11: note: include '<stdio.h>' or provide a declaration of 'sprintf'
../Core/Src/main.c:183:40: warning: too many arguments for format [-Wformat-extra-args]
  183 |                           sprintf(str, "Perioda blikani \r\n", cntr++);
      |                                        ^~~~~~~~~~~~~~~~~~~~~~
../Core/Src/main.c:199:56: warning: too many arguments for format [-Wformat-extra-args]
  199 |                                           sprintf(str, "Zmena stavu na 2 \r\n", cntr++);
      |                                                        ^~~~~~~~~~~~~~~~~~~~~~~
../Core/Src/main.c:212:56: warning: too many arguments for format [-Wformat-extra-args]
  212 |                                           sprintf(str, "Zmena stavu na 1 \r\n", cntr++);
      |                                                        ^~~~~~~~~~~~~~~~~~~~~~~
../Core/Src/main.c:216:56: warning: too many arguments for format [-Wformat-extra-args]
  216 |                                           sprintf(str, "Zmena stavu cer led \r\n", cntr++);
      |                                                        ^~~~~~~~~~~~~~~~~~~~~~~~~~
../Core/Src/main.c:216:77: warning: 'Zmena stavu cer led 
   ' directive writing 22 bytes into a region of size 20 [-Wformat-overflow=]
  216 |                                           sprintf(str, "Zmena stavu cer led \r\n", cntr++);
      |                                                         ~~~~~~~~~~~~~~~~~~~~^~~~
../Core/Src/main.c:216:43: note: 'sprintf' output 23 bytes into a destination of size 20
  216 |                                           sprintf(str, "Zmena stavu cer led \r\n", cntr++);
      |                                           ^~~~~~~~~~~~~~~~~~~~~~~~~~~~~~~~~~~~~~~~~~~~~~~~
arm-none-eabi-gcc -o "cv2.elf" @"objects.list"   -mcpu=cortex-m4 -T"C:\Users\mates\Desktop\TUL\VST\cviceni\cv2\STM32L4R5ZITX_FLASH.ld" --specs=nosys.specs -Wl,-Map="cv2.map" -Wl,--gc-sections -static --specs=nano.specs -mfpu=fpv4-sp-d16 -mfloat-abi=hard -mthumb -Wl,--start-group -lc -lm -Wl,--end-group
Finished building target: cv2.elf
 
arm-none-eabi-size  cv2.elf 
arm-none-eabi-objdump -h -S cv2.elf  > "cv2.list"
   text	   data	    bss	    dec	    hex	filename
  24292	     92	   3644	  28028	   6d7c	cv2.elf
Finished building: default.size.stdout
 
Finished building: cv2.list
 

17:33:24 Build Finished. 0 errors, 7 warnings. (took 2s.208ms)

