16:25:08 **** Incremental Build of configuration Debug for project cv2 ****
make -j12 all 
arm-none-eabi-size  cv2.elf 
   text	   data	    bss	    dec	    hex	filename
  25940	     92	   3732	  29764	   7444	cv2.elf
Finished building: default.size.stdout
 
16:25:21 **** Incremental Build of configuration Debug for project cv2 ****
make -j12 all 
arm-none-eabi-size  cv2.elf 
   text	   data	    bss	    dec	    hex	filename
  25940	     92	   3732	  29764	   7444	cv2.elf
Finished building: default.size.stdout
 
